// 重构日志: d788cdd2
// 重构日志: a3c25b4f
// 重构日志: 3855df72
// 重构日志: eb8c7265
// 重构日志: 89d54ed5
// 重构日志: d258edc1
// 重构日志: 4b7ff697
// 重构日志: a1da7be5
// 重构日志: 4dff484c
// 重构日志: 406d7c77
// 同步 ID: aecfd11a @ Wed Jul 22 08:34:29 UTC 2026
// 重构日志: 42be6a7a
// 同步 ID: 7f88431e @ Sun Jul 26 16:28:56 UTC 2026
// 重构日志: 23233332
// 重构日志: 3bc5be04
// 重构日志: 99f84f66
// 重构日志: 4d97e2b8
// 同步 ID: 80b21019 @ Sat Aug  1 21:07:54 UTC 2026
// 同步 ID: cfdbea78 @ Tue Aug  4 16:12:23 UTC 2026
// 同步 ID: 1787c0bd @ Wed Aug  5 10:29:54 UTC 2026
// 重构日志: 20f7667e
// 重构日志: 07e46b85
// 重构日志: cbfb651c
// 重构日志: d1f5790a
// 重构日志: 40e7aff8
// 同步 ID: ee38fd9b @ Sat Aug  8 07:37:59 UTC 2026
// 重构日志: 6d3d5383
